All properties associated with getComputedStyle(document.body):
{
    "0": "-webkit-text-fill-color",
    "1": "accent-color",
    "2": "border-collapse",
    "3": "border-spacing",
    "4": "caption-side",
    "5": "caret-color",
    "6": "clip-rule",
    "7": "color",
    "8": "color-scheme",
    "9": "cursor",
    "10": "direction",
    "11": "fill",
    "12": "fill-opacity",
    "13": "fill-rule",
    "14": "font-family",
    "15": "font-feature-settings",
    "16": "font-language-override",
    "17": "font-size",
    "18": "font-style",
    "19": "font-variant-alternates",
    "20": "font-variant-caps",
    "21": "font-variant-east-asian",
    "22": "font-variant-emoji",
    "23": "font-variant-ligatures",
    "24": "font-variant-numeric",
    "25": "font-variant-position",
    "26": "font-variation-settings",
    "27": "font-weight",
    "28": "font-width",
    "29": "image-orientation",
    "30": "image-rendering",
    "31": "letter-spacing",
    "32": "line-height",
    "33": "list-style-image",
    "34": "list-style-position",
    "35": "list-style-type",
    "36": "math-depth",
    "37": "math-shift",
    "38": "math-style",
    "39": "pointer-events",
    "40": "quotes",
    "41": "stroke",
    "42": "stroke-dasharray",
    "43": "stroke-dashoffset",
    "44": "stroke-linecap",
    "45": "stroke-linejoin",
    "46": "stroke-miterlimit",
    "47": "stroke-opacity",
    "48": "stroke-width",
    "49": "tab-size",
    "50": "text-align",
    "51": "text-anchor",
    "52": "text-decoration-line",
    "53": "text-indent",
    "54": "text-justify",
    "55": "text-shadow",
    "56": "text-transform",
    "57": "visibility",
    "58": "white-space",
    "59": "word-break",
    "60": "word-spacing",
    "61": "word-wrap",
    "62": "writing-mode",
    "63": "align-content",
    "64": "align-items",
    "65": "align-self",
    "66": "animation-delay",
    "67": "animation-direction",
    "68": "animation-duration",
    "69": "animation-fill-mode",
    "70": "animation-iteration-count",
    "71": "animation-name",
    "72": "animation-play-state",
    "73": "animation-timing-function",
    "74": "appearance",
    "75": "aspect-ratio",
    "76": "backdrop-filter",
    "77": "background-attachment",
    "78": "background-blend-mode",
    "79": "background-clip",
    "80": "background-color",
    "81": "background-image",
    "82": "background-origin",
    "83": "background-position-x",
    "84": "background-position-y",
    "85": "background-repeat",
    "86": "background-size",
    "87": "block-size",
    "88": "border-block-end-color",
    "89": "border-block-end-style",
    "90": "border-block-end-width",
    "91": "border-block-start-color",
    "92": "border-block-start-style",
    "93": "border-block-start-width",
    "94": "border-bottom-color",
    "95": "border-bottom-left-radius",
    "96": "border-bottom-right-radius",
    "97": "border-bottom-style",
    "98": "border-bottom-width",
    "99": "border-inline-end-color",
    "100": "border-inline-end-style",
    "101": "border-inline-end-width",
    "102": "border-inline-start-color",
    "103": "border-inline-start-style",
    "104": "border-inline-start-width",
    "105": "border-left-color",
    "106": "border-left-style",
    "107": "border-left-width",
    "108": "border-right-color",
    "109": "border-right-style",
    "110": "border-right-width",
    "111": "border-top-color",
    "112": "border-top-left-radius",
    "113": "border-top-right-radius",
    "114": "border-top-style",
    "115": "border-top-width",
    "116": "bottom",
    "117": "box-shadow",
    "118": "box-sizing",
    "119": "clear",
    "120": "clip",
    "121": "clip-path",
    "122": "column-count",
    "123": "column-gap",
    "124": "column-span",
    "125": "column-width",
    "126": "contain",
    "127": "content",
    "128": "content-visibility",
    "129": "counter-increment",
    "130": "counter-reset",
    "131": "counter-set",
    "132": "cx",
    "133": "cy",
    "134": "display",
    "135": "filter",
    "136": "flex-basis",
    "137": "flex-direction",
    "138": "flex-grow",
    "139": "flex-shrink",
    "140": "flex-wrap",
    "141": "float",
    "142": "grid-auto-columns",
    "143": "grid-auto-flow",
    "144": "grid-auto-rows",
    "145": "grid-column-end",
    "146": "grid-column-start",
    "147": "grid-row-end",
    "148": "grid-row-start",
    "149": "grid-template-areas",
    "150": "grid-template-columns",
    "151": "grid-template-rows",
    "152": "height",
    "153": "inline-size",
    "154": "inset-block-end",
    "155": "inset-block-start",
    "156": "inset-inline-end",
    "157": "inset-inline-start",
    "158": "isolation",
    "159": "justify-content",
    "160": "justify-items",
    "161": "justify-self",
    "162": "left",
    "163": "margin-block-end",
    "164": "margin-block-start",
    "165": "margin-bottom",
    "166": "margin-inline-end",
    "167": "margin-inline-start",
    "168": "margin-left",
    "169": "margin-right",
    "170": "margin-top",
    "171": "mask-image",
    "172": "mask-type",
    "173": "max-block-size",
    "174": "max-height",
    "175": "max-inline-size",
    "176": "max-width",
    "177": "min-block-size",
    "178": "min-height",
    "179": "min-inline-size",
    "180": "min-width",
    "181": "mix-blend-mode",
    "182": "object-fit",
    "183": "object-position",
    "184": "opacity",
    "185": "order",
    "186": "outline-color",
    "187": "outline-offset",
    "188": "outline-style",
    "189": "outline-width",
    "190": "overflow-x",
    "191": "overflow-y",
    "192": "padding-block-end",
    "193": "padding-block-start",
    "194": "padding-bottom",
    "195": "padding-inline-end",
    "196": "padding-inline-start",
    "197": "padding-left",
    "198": "padding-right",
    "199": "padding-top",
    "200": "position",
    "201": "r",
    "202": "right",
    "203": "rotate",
    "204": "row-gap",
    "205": "rx",
    "206": "ry",
    "207": "scale",
    "208": "scrollbar-gutter",
    "209": "scrollbar-width",
    "210": "stop-color",
    "211": "stop-opacity",
    "212": "table-layout",
    "213": "text-decoration-color",
    "214": "text-decoration-style",
    "215": "text-decoration-thickness",
    "216": "text-overflow",
    "217": "top",
    "218": "transform",
    "219": "transform-box",
    "220": "transform-origin",
    "221": "transition-delay",
    "222": "transition-duration",
    "223": "transition-property",
    "224": "transition-timing-function",
    "225": "translate",
    "226": "unicode-bidi",
    "227": "user-select",
    "228": "vertical-align",
    "229": "view-transition-name",
    "230": "width",
    "231": "x",
    "232": "y",
    "233": "z-index"
}
All properties associated with document.body.style by default:
{}
All properties associated with document.body.style after setting some properties:
{
    "0": "display",
    "1": "background-color",
    "2": "font-size"
}
